// Jest Snapshot v1, https://goo.gl/fbAQLP

exports[`<Button /> should math snapshot 1`] = `
<button>
  Load more
</button>
`;
